11:36:21 **** Incremental Build of configuration Debug for project Blinky ****
make -j8 all 
arm-none-eabi-gcc "../Core/Src/main.c" -mcpu=cortex-m0 -std=gnu11 -g3 -DUSE_HAL_DRIVER -DSTM32F030x8 -DDEBUG -c -I../Drivers/STM32F0xx_HAL_Driver/Inc -I../Drivers/CMSIS/Include -I../Core/Inc -I../Drivers/STM32F0xx_HAL_Driver/Inc/Legacy -I../Drivers/CMSIS/Device/ST/STM32F0xx/Include -O0 -ffunction-sections -fdata-sections -Wall -fstack-usage -MMD -MP -MF"Core/Src/main.d" -MT"Core/Src/main.o" --specs=nano.specs -mfloat-abi=soft -mthumb -o "Core/Src/main.o"
arm-none-eabi-gcc -o "Blinky.elf" @"objects.list"   -mcpu=cortex-m0 -T"/home/jerryl/Git/Github_Public/STM32F030C8T6-Core-Board-STM32CubeIDE/Blinky/STM32F030C8TX_FLASH.ld" --specs=nosys.specs -Wl,-Map="Blinky.map" -Wl,--gc-sections -static --specs=nano.specs -mfloat-abi=soft -mthumb -Wl,--start-group -lc -lm -Wl,--end-group
Finished building target: Blinky.elf
 
arm-none-eabi-objdump -h -S  Blinky.elf  > "Blinky.list"
arm-none-eabi-objcopy  -O binary  Blinky.elf  "Blinky.bin"
arm-none-eabi-size   Blinky.elf 
   text	   data	    bss	    dec	    hex	filename
   4940	     20	   1572	   6532	   1984	Blinky.elf
Finished building: Blinky.bin
Finished building: default.size.stdout
 
Finished building: Blinky.list
 
 

11:36:21 Build Finished. 0 errors, 0 warnings. (took 274ms)

